
Hexadecimal

Area                               Addr   Size   Decimal Bytes (Attributes)
--------------------------------   ----   ----   ------- ----- ------------
CABS                               0000   0000 =      0. bytes (ABS,CON,CODE)

      Value  Global
   --------  --------------------------------
  0C:0000    l_BSEG
  0C:0000    l_BSEG_BYTES
  0C:0000    l_CABS
  0C:0000    l_CONST
  0C:0000    l_GSINIT
  0C:0000    l_GSINIT1
  0C:0000    l_GSINIT5
  0C:0000    l_IABS
  0C:0000    l_ISEG
  0C:0000    l_PSEG
  0C:0000    l_REG_BANK_1
  0C:0000    l_REG_BANK_2
  0C:0000    l_REG_BANK_3
  0C:0000    l_RSEG
  0C:0000    l_XABS
  0C:0000    l_XINIT
  0C:0000    l_XISEG
  0C:0000    l_XSEG
  0C:0000    l__CODE
  0C:0000    s_BSEG
  0C:0000    s_BSEG_BYTES
  0C:0000    s_CABS
  0C:0000    s_DSEG
  0C:0000    s_HOME
  0C:0000    s_IABS
  0C:0000    s_ISEG
  0C:0000    s_REG_BANK_0
  0C:0000    s_XABS
  0C:0001    l_BIT_BANK
  0C:0001    l_OSEG
  0C:0003    l_GSFINAL
  0C:0003    l_GSINIT0
  0C:0008    l_REG_BANK_0
  0C:0008    s_REG_BANK_1
  0C:000A    l_GSINIT2
  0C:0010    s_REG_BANK_2
  0C:0018    s_REG_BANK_3
  0C:001D    s_OSEG
  0C:001F    l_DSEG
  0C:0020    s_BIT_BANK
  0C:0020    s__CODE
  0C:0024    l_GSINIT3
  0C:0030    l_GSINIT4
  0C:0033    l_HOME
  0C:0033    s_GSINIT0
  0C:0036    s_GSINIT1
  0C:0036    s_GSINIT2
  0C:003E    l_startup_code
  0C:0040    s_GSINIT3
  0C:0064    s_GSINIT4
  0C:0080    l_SSEG
  0C:0080    s_RSEG
  0C:0080    s_SSEG
  0C:0094    s_GSFINAL
  0C:0094    s_GSINIT
  0C:0094    s_GSINIT5
  0C:0097    s_CSEG
  0C:0100    l_IRAM
  0C:084F    l_CSEG
  0C:08E6    s_CONST
  0C:08E6    s_XINIT
  0C:08E6    s_startup_code
  0C:F000    s_XISEG
  0C:F000    s_XSEG



Hexadecimal

Area                               Addr   Size   Decimal Bytes (Attributes)
--------------------------------   ----   ----   ------- ----- ------------
.  .ABS.                           0000   0000 =      0. bytes (ABS,CON)

      Value  Global
   --------  --------------------------------
     0080    G$P0_0$0$0
     0080    G$P0_ALTSEL0$0$0
     0080    G$P0_DATA$0$0
     0080    G$P0_OD$0$0
     0080    G$P0_PUDSEL$0$0
     0080    _P0_0
     0080    _P0_ALTSEL0
     0080    _P0_DATA
     0080    _P0_OD
     0080    _P0_PUDSEL
     0081    G$P0_1$0$0
     0081    G$SP$0$0
     0081    _P0_1
     0081    _SP
     0082    G$DPL$0$0
     0082    G$P0_2$0$0
     0082    _DPL
     0082    _P0_2
     0083    G$DPH$0$0
     0083    G$P0_3$0$0
     0083    _DPH
     0083    _P0_3
     0084    G$P0_4$0$0
     0084    _P0_4
     0085    G$P0_5$0$0
     0085    _P0_5
     0086    G$P0_6$0$0
     0086    G$P0_ALTSEL1$0$0
     0086    G$P0_DIR$0$0
     0086    G$P0_PUDEN$0$0
     0086    _P0_6
     0086    _P0_ALTSEL1
     0086    _P0_DIR
     0086    _P0_PUDEN
     0087    G$P0_7$0$0
     0087    G$PCON$0$0
     0087    _P0_7
     0087    _PCON
     0088    G$IT0$0$0
     0088    G$TCON$0$0
     0088    _IT0
     0088    _TCON
     0089    G$IE0$0$0
     0089    G$TMOD$0$0
     0089    _IE0
     0089    _TMOD
     008A    G$IT1$0$0
     008A    G$TL0$0$0
     008A    _IT1
     008A    _TL0
     008B    G$IE1$0$0
     008B    G$TL1$0$0
     008B    _IE1
     008B    _TL1
     008C    G$TH0$0$0
     008C    G$TR0$0$0
     008C    _TH0
     008C    _TR0
     008D    G$TF0$0$0
     008D    G$TH1$0$0
     008D    _TF0
     008D    _TH1
     008E    G$TR1$0$0
     008E    _TR1
     008F    G$SYSCON0$0$0
     008F    G$TF1$0$0
     008F    _SYSCON0
     008F    _TF1
     0090    G$P1_0$0$0
     0090    G$P1_ALTSEL0$0$0
     0090    G$P1_DATA$0$0
     0090    G$P1_OD$0$0
     0090    G$P1_PUDSEL$0$0
     0090    _P1_0
     0090    _P1_ALTSEL0
     0090    _P1_DATA
     0090    _P1_OD
     0090    _P1_PUDSEL
     0091    G$P1_1$0$0
     0091    G$P1_ALTSEL1$0$0
     0091    G$P1_DIR$0$0
     0091    G$P1_PUDEN$0$0
     0091    _P1_1
     0091    _P1_ALTSEL1
     0091    _P1_DIR
     0091    _P1_PUDEN
     0092    G$P1_2$0$0
     0092    G$P5_ALTSEL0$0$0
     0092    G$P5_DATA$0$0
     0092    G$P5_OD$0$0
     0092    G$P5_PUDSEL$0$0
     0092    _P1_2
     0092    _P5_ALTSEL0
     0092    _P5_DATA
     0092    _P5_OD
     0092    _P5_PUDSEL
     0093    G$P1_3$0$0
     0093    G$P5_ALTSEL1$0$0
     0093    G$P5_DIR$0$0
     0093    G$P5_PUDEN$0$0
     0093    _P1_3
     0093    _P5_ALTSEL1
     0093    _P5_DIR
     0093    _P5_PUDEN
     0094    G$P1_4$0$0
     0094    _P1_4
     0095    G$P1_5$0$0
     0095    _P1_5
     0096    G$P1_6$0$0
     0096    _P1_6
     0097    G$P1_7$0$0
     0097    _P1_7
     0098    G$RI$0$0
     0098    G$SCON$0$0
     0098    _RI
     0098    _SCON
     0099    G$SBUF$0$0
     0099    G$TI$0$0
     0099    _SBUF
     0099    _TI
     009A    G$CCU6_CC63RL$0$0
     009A    G$CCU6_CC63SRL$0$0
     009A    G$CCU6_MCMOUTL$0$0
     009A    G$CCU6_T12MSELL$0$0
     009A    G$CD_CORDXL$0$0
     009A    G$RB8$0$0
     009A    _CCU6_CC63RL
     009A    _CCU6_CC63SRL
     009A    _CCU6_MCMOUTL
     009A    _CCU6_T12MSELL
     009A    _CD_CORDXL
     009A    _RB8
     009B    G$CCU6_CC63RH$0$0
     009B    G$CCU6_CC63SRH$0$0
     009B    G$CCU6_MCMOUTH$0$0
     009B    G$CCU6_T12MSELH$0$0
     009B    G$CD_CORDXH$0$0
     009B    G$TB8$0$0
     009B    _CCU6_CC63RH
     009B    _CCU6_CC63SRH
     009B    _CCU6_MCMOUTH
     009B    _CCU6_T12MSELH
     009B    _CD_CORDXH
     009B    _TB8
     009C    G$CCU6_IENL$0$0
     009C    G$CCU6_ISL$0$0
     009C    G$CCU6_T12PRL$0$0
     009C    G$CCU6_TCTR4L$0$0
     009C    G$CD_CORDYL$0$0
     009C    G$REN$0$0
     009C    _CCU6_IENL
     009C    _CCU6_ISL
     009C    _CCU6_T12PRL
     009C    _CCU6_TCTR4L
     009C    _CD_CORDYL
     009C    _REN
     009D    G$CCU6_IENH$0$0
     009D    G$CCU6_ISH$0$0
     009D    G$CCU6_T12PRH$0$0
     009D    G$CCU6_TCTR4H$0$0
     009D    G$CD_CORDYH$0$0
     009D    G$SM2$0$0
     009D    _CCU6_IENH
     009D    _CCU6_ISH
     009D    _CCU6_T12PRH
     009D    _CCU6_TCTR4H
     009D    _CD_CORDYH
     009D    _SM2
     009E    G$CCU6_INPL$0$0
     009E    G$CCU6_MCMOUTSL$0$0
     009E    G$CCU6_PISEL0L$0$0
     009E    G$CCU6_T13PRL$0$0
     009E    G$CD_CORDZL$0$0
     009E    G$SM1$0$0
     009E    _CCU6_INPL
     009E    _CCU6_MCMOUTSL
     009E    _CCU6_PISEL0L
     009E    _CCU6_T13PRL
     009E    _CD_CORDZL
     009E    _SM1
     009F    G$CCU6_INPH$0$0
     009F    G$CCU6_MCMOUTSH$0$0
     009F    G$CCU6_PISEL0H$0$0
     009F    G$CCU6_T13PRH$0$0
     009F    G$CD_CORDZH$0$0
     009F    G$SM0$0$0
     009F    _CCU6_INPH
     009F    _CCU6_MCMOUTSH
     009F    _CCU6_PISEL0H
     009F    _CCU6_T13PRH
     009F    _CD_CORDZH
     009F    _SM0
     00A0    G$CD_BSY$0$0
     00A0    G$CD_STATC$0$0
     00A0    G$P2_0$0$0
     00A0    G$P2_DATA$0$0
     00A0    G$P2_PUDSEL$0$0
     00A0    _CD_BSY
     00A0    _CD_STATC
     00A0    _P2_0
     00A0    _P2_DATA
     00A0    _P2_PUDSEL
     00A1    G$CD_CON$0$0
     00A1    G$ERROR$0$0
     00A1    G$P2_1$0$0
     00A1    G$P2_DIR$0$0
     00A1    G$P2_PUDEN$0$0
     00A1    _CD_CON
     00A1    _ERROR
     00A1    _P2_1
     00A1    _P2_DIR
     00A1    _P2_PUDEN
     00A2    G$EO$0$0
     00A2    G$EOC$0$0
     00A2    G$P2_2$0$0
     00A2    _EO
     00A2    _EOC
     00A2    _P2_2
     00A3    G$CCU6_PAGE$0$0
     00A3    G$INT_EN$0$0
     00A3    G$P2_3$0$0
     00A3    _CCU6_PAGE
     00A3    _INT_EN
     00A3    _P2_3
     00A4    G$CCU6_ISRL$0$0
     00A4    G$CCU6_ISSL$0$0
     00A4    G$CCU6_PISEL2$0$0
     00A4    G$CCU6_T12DTCL$0$0
     00A4    G$DMAP$0$0
     00A4    G$P2_4$0$0
     00A4    _CCU6_ISRL
     00A4    _CCU6_ISSL
     00A4    _CCU6_PISEL2
     00A4    _CCU6_T12DTCL
     00A4    _DMAP
     00A4    _P2_4
     00A5    G$CCU6_ISRH$0$0
     00A5    G$CCU6_ISSH$0$0
     00A5    G$CCU6_T12DTCH$0$0
     00A5    G$KEEPX$0$0
     00A5    G$P2_5$0$0
     00A5    _CCU6_ISRH
     00A5    _CCU6_ISSH
     00A5    _CCU6_T12DTCH
     00A5    _KEEPX
     00A5    _P2_5
     00A6    G$CCU6_CMPMODIFL$0$0
     00A6    G$CCU6_PSLR$0$0
     00A6    G$CCU6_TCTR0L$0$0
     00A6    G$KEEPY$0$0
     00A6    G$P2_6$0$0
     00A6    _CCU6_CMPMODIFL
     00A6    _CCU6_PSLR
     00A6    _CCU6_TCTR0L
     00A6    _KEEPY
     00A6    _P2_6
     00A7    G$CCU6_CMPMODIFH$0$0
     00A7    G$CCU6_MCMCTR$0$0
     00A7    G$CCU6_TCTR0H$0$0
     00A7    G$KEEPZ$0$0
     00A7    G$P2_7$0$0
     00A7    _CCU6_CMPMODIFH
     00A7    _CCU6_MCMCTR
     00A7    _CCU6_TCTR0H
     00A7    _KEEPZ
     00A7    _P2_7
     00A8    G$EX0$0$0
     00A8    G$IEN0$0$0
     00A8    _EX0
     00A8    _IEN0
     00A9    G$ET0$0$0
     00A9    G$SSC_PISEL$0$0
     00A9    _ET0
     00A9    _SSC_PISEL
     00AA    G$EX1$0$0
     00AA    G$SSC_CONL_O$0$0
     00AA    G$SSC_CONL_P$0$0
     00AA    _EX1
     00AA    _SSC_CONL_O
     00AA    _SSC_CONL_P
     00AB    G$ET1$0$0
     00AB    G$SSC_CONH_O$0$0
     00AB    G$SSC_CONH_P$0$0
     00AB    _ET1
     00AB    _SSC_CONH_O
     00AB    _SSC_CONH_P
     00AC    G$ES$0$0
     00AC    G$SSC_TBL$0$0
     00AC    _ES
     00AC    _SSC_TBL
     00AD    G$ET2$0$0
     00AD    G$SSC_RBL$0$0
     00AD    _ET2
     00AD    _SSC_RBL
     00AE    G$SSC_BRL$0$0
     00AE    _SSC_BRL
     00AF    G$EA$0$0
     00AF    G$SSC_BRH$0$0
     00AF    _EA
     00AF    _SSC_BRH
     00B0    G$IRDY$0$0
     00B0    G$MDU_MDUSTAT$0$0
     00B0    G$P3_0$0$0
     00B0    G$P3_ALTSEL0$0$0
     00B0    G$P3_DATA$0$0
     00B0    G$P3_OD$0$0
     00B0    G$P3_PUDSEL$0$0
     00B0    _IRDY
     00B0    _MDU_MDUSTAT
     00B0    _P3_0
     00B0    _P3_ALTSEL0
     00B0    _P3_DATA
     00B0    _P3_OD
     00B0    _P3_PUDSEL
     00B1    G$IERR$0$0
     00B1    G$MDU_MDUCON$0$0
     00B1    G$P3_1$0$0
     00B1    G$P3_ALTSEL1$0$0
     00B1    G$P3_DIR$0$0
     00B1    G$P3_PUDEN$0$0
     00B1    _IERR
     00B1    _MDU_MDUCON
     00B1    _P3_1
     00B1    _P3_ALTSEL1
     00B1    _P3_DIR
     00B1    _P3_PUDEN
     00B2    G$MDU_BSY$0$0
     00B2    G$MDU_MD0$0$0
     00B2    G$MDU_MR0$0$0
     00B2    G$P3_2$0$0
     00B2    G$PORT_PAGE$0$0
     00B2    _MDU_BSY
     00B2    _MDU_MD0
     00B2    _MDU_MR0
     00B2    _P3_2
     00B2    _PORT_PAGE
     00B3    G$ID$0$0
     00B3    G$MDU_MD1$0$0
     00B3    G$MDU_MR1$0$0
     00B3    G$MODPISEL$0$0
     00B3    G$P3_3$0$0
     00B3    G$XADDRH$0$0
     00B3    _ID
     00B3    _MDU_MD1
     00B3    _MDU_MR1
     00B3    _MODPISEL
     00B3    _P3_3
     00B3    _XADDRH
     00B3    __XPAGE
     00B4    G$IRCON0$0$0
     00B4    G$IRCON3$0$0
     00B4    G$MDU_MD2$0$0
     00B4    G$MDU_MR2$0$0
     00B4    G$P3_4$0$0
     00B4    G$PMCON0$0$0
     00B4    _IRCON0
     00B4    _IRCON3
     00B4    _MDU_MD2
     00B4    _MDU_MR2
     00B4    _P3_4
     00B4    _PMCON0
     00B5    G$IRCON1$0$0
     00B5    G$IRCON4$0$0
     00B5    G$MDU_MD3$0$0
     00B5    G$MDU_MR3$0$0
     00B5    G$P3_5$0$0
     00B5    G$PMCON1$0$0
     00B5    _IRCON1
     00B5    _IRCON4
     00B5    _MDU_MD3
     00B5    _MDU_MR3
     00B5    _P3_5
     00B5    _PMCON1
     00B6    G$IRCON2$0$0
     00B6    G$MDU_MD4$0$0
     00B6    G$MDU_MR4$0$0
     00B6    G$OSC_CON$0$0
     00B6    G$P3_6$0$0
     00B6    _IRCON2
     00B6    _MDU_MD4
     00B6    _MDU_MR4
     00B6    _OSC_CON
     00B6    _P3_6
     00B7    G$EXICON0$0$0
     00B7    G$MDU_MD5$0$0
     00B7    G$MDU_MR5$0$0
     00B7    G$MODPISEL1$0$0
     00B7    G$P3_7$0$0
     00B7    G$PLL_CON$0$0
     00B7    _EXICON0
     00B7    _MDU_MD5
     00B7    _MDU_MR5
     00B7    _MODPISEL1
     00B7    _P3_7
     00B7    _PLL_CON
     00B8    G$IP$0$0
     00B8    G$PX0$0$0
     00B8    _IP
     00B8    _PX0
     00B9    G$IPH$0$0
     00B9    G$PT0$0$0
     00B9    _IPH
     00B9    _PT0
     00BA    G$CMCON$0$0
     00BA    G$EXICON1$0$0
     00BA    G$MODPISEL2$0$0
     00BA    G$PX1$0$0
     00BA    _CMCON
     00BA    _EXICON1
     00BA    _MODPISEL2
     00BA    _PX1
     00BB    G$NMICON$0$0
     00BB    G$PASSWD$0$0
     00BB    G$PMCON2$0$0
     00BB    G$PT1$0$0
     00BB    G$WDTCON$0$0
     00BB    _NMICON
     00BB    _PASSWD
     00BB    _PMCON2
     00BB    _PT1
     00BB    _WDTCON
     00BC    G$FEAL$0$0
     00BC    G$NMISR$0$0
     00BC    G$PS$0$0
     00BC    G$WDTREL$0$0
     00BC    _FEAL
     00BC    _NMISR
     00BC    _PS
     00BC    _WDTREL
     00BD    G$BCON$0$0
     00BD    G$FEAH$0$0
     00BD    G$MODSUSP$0$0
     00BD    G$PT2$0$0
     00BD    G$WDTWINB$0$0
     00BD    _BCON
     00BD    _FEAH
     00BD    _MODSUSP
     00BD    _PT2
     00BD    _WDTWINB
     00BE    G$BG$0$0
     00BE    G$COCON$0$0
     00BE    G$WDTL$0$0
     00BE    _BG
     00BE    _COCON
     00BE    _WDTL
     00BF    G$SCU_PAGE$0$0
     00BF    G$WDTH$0$0
     00BF    _SCU_PAGE
     00BF    _WDTH
     00C0    G$CP_RL2$0$0
     00C0    G$T21_T2CON$0$0
     00C0    G$T2_T2CON$0$0
     00C0    _CP_RL2
     00C0    _T21_T2CON
     00C0    _T2_T2CON
     00C1    G$C_T2$0$0
     00C1    G$T21_T2MOD$0$0
     00C1    G$T2_T2MOD$0$0
     00C1    _C_T2
     00C1    _T21_T2MOD
     00C1    _T2_T2MOD
     00C2    G$T21_RC2L$0$0
     00C2    G$T2_RC2L$0$0
     00C2    G$TR2$0$0
     00C2    _T21_RC2L
     00C2    _T2_RC2L
     00C2    _TR2
     00C3    G$EXEN2$0$0
     00C3    G$T21_RC2H$0$0
     00C3    G$T2_RC2H$0$0
     00C3    _EXEN2
     00C3    _T21_RC2H
     00C3    _T2_RC2H
     00C4    G$T21_T2L$0$0
     00C4    G$T2_T2L$0$0
     00C4    _T21_T2L
     00C4    _T2_T2L
     00C5    G$T21_T2H$0$0
     00C5    G$T2_T2H$0$0
     00C5    _T21_T2H
     00C5    _T2_T2H
     00C6    G$EXF2$0$0
     00C6    _EXF2
     00C7    G$TF2$0$0
     00C7    _TF2
     00C8    G$P4_0$0$0
     00C8    G$P4_ALTSEL0$0$0
     00C8    G$P4_DATA$0$0
     00C8    G$P4_OD$0$0
     00C8    G$P4_PUDSEL$0$0
     00C8    G$RI_1$0$0
     00C8    G$UART1_SCON$0$0
     00C8    _P4_0
     00C8    _P4_ALTSEL0
     00C8    _P4_DATA
     00C8    _P4_OD
     00C8    _P4_PUDSEL
     00C8    _RI_1
     00C8    _UART1_SCON
     00C9    G$P4_1$0$0
     00C9    G$P4_ALTSEL1$0$0
     00C9    G$P4_DIR$0$0
     00C9    G$P4_PUDEN$0$0
     00C9    G$TI_1$0$0
     00C9    G$UART1_SBUF$0$0
     00C9    _P4_1
     00C9    _P4_ALTSEL1
     00C9    _P4_DIR
     00C9    _P4_PUDEN
     00C9    _TI_1
     00C9    _UART1_SBUF
     00CA    G$ADC_CHCTR0$0$0
     00CA    G$ADC_CHINFR$0$0
     00CA    G$ADC_CRCR1$0$0
     00CA    G$ADC_GLOBCTR$0$0
     00CA    G$ADC_RCR0$0$0
     00CA    G$ADC_RESR0L$0$0
     00CA    G$ADC_RESRA0L$0$0
     00CA    G$P4_2$0$0
     00CA    G$RB8_1$0$0
     00CA    G$UART1_BCON$0$0
     00CA    _ADC_CHCTR0
     00CA    _ADC_CHINFR
     00CA    _ADC_CRCR1
     00CA    _ADC_GLOBCTR
     00CA    _ADC_RCR0
     00CA    _ADC_RESR0L
     00CA    _ADC_RESRA0L
     00CA    _P4_2
     00CA    _RB8_1
     00CA    _UART1_BCON
     00CB    G$ADC_CHCTR1$0$0
     00CB    G$ADC_CHINCR$0$0
     00CB    G$ADC_CRPR1$0$0
     00CB    G$ADC_GLOBSTR$0$0
     00CB    G$ADC_RCR1$0$0
     00CB    G$ADC_RESR0H$0$0
     00CB    G$ADC_RESRA0H$0$0
     00CB    G$P4_3$0$0
     00CB    G$TB8_1$0$0
     00CB    G$UART1_BG$0$0
     00CB    _ADC_CHCTR1
     00CB    _ADC_CHINCR
     00CB    _ADC_CRPR1
     00CB    _ADC_GLOBSTR
     00CB    _ADC_RCR1
     00CB    _ADC_RESR0H
     00CB    _ADC_RESRA0H
     00CB    _P4_3
     00CB    _TB8_1
     00CB    _UART1_BG
     00CC    G$ADC_CHCTR2$0$0
     00CC    G$ADC_CHINSR$0$0
     00CC    G$ADC_CRMR1$0$0
     00CC    G$ADC_PRAR$0$0
     00CC    G$ADC_RCR2$0$0
     00CC    G$ADC_RESR1L$0$0
     00CC    G$ADC_RESRA1L$0$0
     00CC    G$P4_4$0$0
     00CC    G$REN_1$0$0
     00CC    G$UART1_FDCON$0$0
     00CC    _ADC_CHCTR2
     00CC    _ADC_CHINSR
     00CC    _ADC_CRMR1
     00CC    _ADC_PRAR
     00CC    _ADC_RCR2
     00CC    _ADC_RESR1L
     00CC    _ADC_RESRA1L
     00CC    _P4_4
     00CC    _REN_1
     00CC    _UART1_FDCON
     00CD    G$ADC_CHCTR3$0$0
     00CD    G$ADC_CHINPR$0$0
     00CD    G$ADC_LCBR$0$0
     00CD    G$ADC_QMR0$0$0
     00CD    G$ADC_RCR3$0$0
     00CD    G$ADC_RESR1H$0$0
     00CD    G$ADC_RESRA1H$0$0
     00CD    G$P4_5$0$0
     00CD    G$SM2_1$0$0
     00CD    G$UART1_FDSTEP$0$0
     00CD    _ADC_CHCTR3
     00CD    _ADC_CHINPR
     00CD    _ADC_LCBR
     00CD    _ADC_QMR0
     00CD    _ADC_RCR3
     00CD    _ADC_RESR1H
     00CD    _ADC_RESRA1H
     00CD    _P4_5
     00CD    _SM2_1
     00CD    _UART1_FDSTEP
     00CE    G$ADC_CHCTR4$0$0
     00CE    G$ADC_EVINFR$0$0
     00CE    G$ADC_INPCR0$0$0
     00CE    G$ADC_QSR0$0$0
     00CE    G$ADC_RESR2L$0$0
     00CE    G$ADC_RESRA2L$0$0
     00CE    G$ADC_VFCR$0$0
     00CE    G$P4_6$0$0
     00CE    G$SM1_1$0$0
     00CE    G$UART1_FDRES$0$0
     00CE    _ADC_CHCTR4
     00CE    _ADC_EVINFR
     00CE    _ADC_INPCR0
     00CE    _ADC_QSR0
     00CE    _ADC_RESR2L
     00CE    _ADC_RESRA2L
     00CE    _ADC_VFCR
     00CE    _P4_6
     00CE    _SM1_1
     00CE    _UART1_FDRES
     00CF    G$ADC_CHCTR5$0$0
     00CF    G$ADC_ETRCR$0$0
     00CF    G$ADC_EVINCR$0$0
     00CF    G$ADC_Q0R0$0$0
     00CF    G$ADC_RESR2H$0$0
     00CF    G$ADC_RESRA2H$0$0
     00CF    G$P4_7$0$0
     00CF    G$SM0_1$0$0
     00CF    _ADC_CHCTR5
     00CF    _ADC_ETRCR
     00CF    _ADC_EVINCR
     00CF    _ADC_Q0R0
     00CF    _ADC_RESR2H
     00CF    _ADC_RESRA2H
     00CF    _P4_7
     00CF    _SM0_1
     00D0    G$P$0$0
     00D0    G$PSW$0$0
     00D0    _P
     00D0    _PSW
     00D1    G$ADC_PAGE$0$0
     00D1    G$F1$0$0
     00D1    _ADC_PAGE
     00D1    _F1
     00D2    G$ADC_CHCTR6$0$0
     00D2    G$ADC_EVINSR$0$0
     00D2    G$ADC_QBUR0$0$0
     00D2    G$ADC_QINR0$0$0
     00D2    G$ADC_RESR3L$0$0
     00D2    G$ADC_RESRA3L$0$0
     00D2    G$OV$0$0
     00D2    _ADC_CHCTR6
     00D2    _ADC_EVINSR
     00D2    _ADC_QBUR0
     00D2    _ADC_QINR0
     00D2    _ADC_RESR3L
     00D2    _ADC_RESRA3L
     00D2    _OV
     00D3    G$ADC_CHCTR7$0$0
     00D3    G$ADC_EVINPR$0$0
     00D3    G$ADC_RESR3H$0$0
     00D3    G$ADC_RESRA3H$0$0
     00D3    G$RS0$0$0
     00D3    _ADC_CHCTR7
     00D3    _ADC_EVINPR
     00D3    _ADC_RESR3H
     00D3    _ADC_RESRA3H
     00D3    _RS0
     00D4    G$RS1$0$0
     00D4    _RS1
     00D5    G$F0$0$0
     00D5    _F0
     00D6    G$AC$0$0
     00D6    _AC
     00D7    G$CY$0$0
     00D7    _CY
     00D8    G$CAN_ADCON$0$0
     00D8    _CAN_ADCON
     00D9    G$CAN_ADL$0$0
     00D9    _CAN_ADL
     00DA    G$CAN_ADH$0$0
     00DA    _CAN_ADH
     00DB    G$CAN_DATA0$0$0
     00DB    _CAN_DATA0
     00DC    G$CAN_DATA1$0$0
     00DC    _CAN_DATA1
     00DD    G$CAN_DATA2$0$0
     00DD    _CAN_DATA2
     00DE    G$CAN_DATA3$0$0
     00DE    _CAN_DATA3
     00E0    G$ACC$0$0
     00E0    _ACC
     00E8    G$EADC$0$0
     00E8    G$IEN1$0$0
     00E8    _EADC
     00E8    _IEN1
     00E9    G$ESSC$0$0
     00E9    G$FDCON$0$0
     00E9    G$MISC_CON$0$0
     00E9    G$MMCR2$0$0
     00E9    _ESSC
     00E9    _FDCON
     00E9    _MISC_CON
     00E9    _MMCR2
     00EA    G$EX2$0$0
     00EA    G$FDSTEP$0$0
     00EA    _EX2
     00EA    _FDSTEP
     00EB    G$EXM$0$0
     00EB    G$FDRES$0$0
     00EB    G$MMWR1$0$0
     00EB    _EXM
     00EB    _FDRES
     00EB    _MMWR1
     00EC    G$ECCIP0$0$0
     00EC    G$MMWR2$0$0
     00EC    _ECCIP0
     00EC    _MMWR2
     00ED    G$ECCIP1$0$0
     00ED    _ECCIP1
     00EE    G$ECCIP2$0$0
     00EE    _ECCIP2
     00EF    G$ECCIP3$0$0
     00EF    _ECCIP3
     00F0    G$B$0$0
     00F0    _B
     00F1    G$MMCR$0$0
     00F1    _MMCR
     00F2    G$MMSR$0$0
     00F2    _MMSR
     00F3    G$MMBPCR$0$0
     00F3    _MMBPCR
     00F4    G$MMICR$0$0
     00F4    _MMICR
     00F5    G$MMDR$0$0
     00F5    _B_5
     00F5    _MMDR
     00F6    G$HWBPSR$0$0
     00F6    _B_6
     00F6    _HWBPSR
     00F7    G$HWBPDR$0$0
     00F7    _B_7
     00F7    _HWBPDR
     00F8    G$IP1$0$0
     00F8    G$PADC$0$0
     00F8    _IP1
     00F8    _PADC
     00F9    G$IPH1$0$0
     00F9    G$PSSC$0$0
     00F9    _IPH1
     00F9    _PSSC
     00FA    G$CCU6_CC60RL$0$0
     00FA    G$CCU6_CC60SRL$0$0
     00FA    G$CCU6_T12L$0$0
     00FA    G$CCU6_TCTR2L$0$0
     00FA    G$PX2$0$0
     00FA    _CCU6_CC60RL
     00FA    _CCU6_CC60SRL
     00FA    _CCU6_T12L
     00FA    _CCU6_TCTR2L
     00FA    _PX2
     00FB    G$CCU6_CC60RH$0$0
     00FB    G$CCU6_CC60SRH$0$0
     00FB    G$CCU6_T12H$0$0
     00FB    G$CCU6_TCTR2H$0$0
     00FB    G$PXM$0$0
     00FB    _CCU6_CC60RH
     00FB    _CCU6_CC60SRH
     00FB    _CCU6_T12H
     00FB    _CCU6_TCTR2H
     00FB    _PXM
     00FC    G$CCU6_CC61RL$0$0
     00FC    G$CCU6_CC61SRL$0$0
     00FC    G$CCU6_MODCTRL$0$0
     00FC    G$CCU6_T13L$0$0
     00FC    G$PCCIP0$0$0
     00FC    _CCU6_CC61RL
     00FC    _CCU6_CC61SRL
     00FC    _CCU6_MODCTRL
     00FC    _CCU6_T13L
     00FC    _PCCIP0
     00FD    G$CCU6_CC61RH$0$0
     00FD    G$CCU6_CC61SRH$0$0
     00FD    G$CCU6_MODCTRH$0$0
     00FD    G$CCU6_T13H$0$0
     00FD    G$PCCIP1$0$0
     00FD    _CCU6_CC61RH
     00FD    _CCU6_CC61SRH
     00FD    _CCU6_MODCTRH
     00FD    _CCU6_T13H
     00FD    _PCCIP1
     00FE    G$CCU6_CC62RL$0$0
     00FE    G$CCU6_CC62SRL$0$0
     00FE    G$CCU6_CMPSTATL$0$0
     00FE    G$CCU6_TRPCTRL$0$0
     00FE    G$PCCIP2$0$0
     00FE    _CCU6_CC62RL
     00FE    _CCU6_CC62SRL
     00FE    _CCU6_CMPSTATL
     00FE    _CCU6_TRPCTRL
     00FE    _PCCIP2
     00FF    G$CCU6_CC62RH$0$0
     00FF    G$CCU6_CC62SRH$0$0
     00FF    G$CCU6_CMPSTATH$0$0
     00FF    G$CCU6_TRPCTRH$0$0
     00FF    G$PCCIP3$0$0
     00FF    _CCU6_CC62RH
     00FF    _CCU6_CC62SRH
     00FF    _CCU6_CMPSTATH
     00FF    _CCU6_TRPCTRH
     00FF    _PCCIP3
     9B9A    G$CCU6_CC63RLH$0$0
     9B9A    G$CCU6_CC63SRLH$0$0
     9B9A    _CCU6_CC63RLH
     9B9A    _CCU6_CC63SRLH
     9D9C    G$CCU6_T12PRLH$0$0
     9D9C    _CCU6_T12PRLH
     9F9E    G$CCU6_T13PRLH$0$0
     9F9E    _CCU6_T13PRLH
     C3C2    G$T2_RC2LH$0$0
     C3C2    _T2_RC2LH
     C5C4    G$T2_T2LH$0$0
     C5C4    _T2_T2LH
     CBCA    G$ADC_RESR0LH$0$0
     CBCA    G$ADC_RESRA0LH$0$0
     CBCA    _ADC_RESR0LH
     CBCA    _ADC_RESRA0LH
     CDCC    G$ADC_RESR1LH$0$0
     CDCC    G$ADC_RESRA1LH$0$0
     CDCC    _ADC_RESR1LH
     CDCC    _ADC_RESRA1LH
     CFCE    G$ADC_RESR2LH$0$0
     CFCE    G$ADC_RESRA2LH$0$0
     CFCE    _ADC_RESR2LH
     CFCE    _ADC_RESRA2LH
     D3D2    G$ADC_RESR3LH$0$0
     D3D2    G$ADC_RESRA3LH$0$0
     D3D2    _ADC_RESR3LH
     D3D2    _ADC_RESRA3LH
     F000    s_PSEG
     FBFA    G$CCU6_CC60RLH$0$0
     FBFA    G$CCU6_CC60SRLH$0$0
     FBFA    G$CCU6_T12LH$0$0
     FBFA    _CCU6_CC60RLH
     FBFA    _CCU6_CC60SRLH
     FBFA    _CCU6_T12LH
     FDFC    G$CCU6_CC61RLH$0$0
     FDFC    G$CCU6_CC61SRLH$0$0
     FDFC    G$CCU6_T13LH$0$0
     FDFC    _CCU6_CC61RLH
     FDFC    _CCU6_CC61SRLH
     FDFC    _CCU6_T13LH
     FFFE    G$CCU6_CC62RLH$0$0
     FFFE    G$CCU6_CC62SRLH$0$0
     FFFE    _CCU6_CC62RLH
     FFFE    _CCU6_CC62SRLH









Hexadecimal

Area                               Addr   Size   Decimal Bytes (Attributes)
--------------------------------   ----   ----   ------- ----- ------------
DSEG                               0000   001F =     31. bytes (REL,CON)

      Value  Global
   --------  --------------------------------
     0008    LCAN_vWriteAMData$ulData$1$1
     000C    LCAN_vGetMsgObj$pstObj$1$1
     000C    _CAN_vGetMsgObj_PARM_2
     000F    LCAN_vGetMsgObj$ubTemp$1$1
     0010    LCAN_vGetMsgObj$sloc0$1$0
     0013    LCAN_vGetMsgObj$sloc1$1$0
     0014    LCAN_vGetMsgObj$sloc2$1$0
     0017    LCAN_vLoadData$ulpubData$1$1
     0017    _CAN_vLoadData_PARM_2
     001A    LCAN_vLoadData$sloc0$1$0

Hexadecimal

Area                               Addr   Size   Decimal Bytes (Attributes)
--------------------------------   ----   ----   ------- ----- ------------
OSEG                               001D   0001 =      1. bytes (REL,OVR)

      Value  Global
   --------  --------------------------------
     001D    __gptrput_PARM_2


Hexadecimal

Area                               Addr   Size   Decimal Bytes (Attributes)
--------------------------------   ----   ----   ------- ----- ------------
SSEG                               0080   0080 =    128. bytes (REL,OVR)

      Value  Global
   --------  --------------------------------
     0080    __start__stack





Hexadecimal

Area                               Addr   Size   Decimal Bytes (Attributes)
--------------------------------   ----   ----   ------- ----- ------------
HOME                               0000   0033 =     51. bytes (REL,CON,CODE)

      Value  Global
   --------  --------------------------------
  0C:0000    A$MAIN$1349
  0C:0003    A$MAIN$1350
  0C:000B    A$MAIN$1352
  0C:0013    A$MAIN$1354
  0C:001B    A$MAIN$1356
  0C:0023    A$MAIN$1358
  0C:002B    A$MAIN$1360
  0C:002E    A$MAIN$1382
  0C:002E    __sdcc_program_startup
  0C:0031    A$MAIN$1384

Hexadecimal

Area                               Addr   Size   Decimal Bytes (Attributes)
--------------------------------   ----   ----   ------- ----- ------------
GSINIT0                            0033   0003 =      3. bytes (REL,CON,CODE)

      Value  Global
   --------  --------------------------------
  0C:0033    __sdcc_gsinit_startup



Hexadecimal

Area                               Addr   Size   Decimal Bytes (Attributes)
--------------------------------   ----   ----   ------- ----- ------------
GSINIT3                            0040   0024 =     36. bytes (REL,CON,CODE)

      Value  Global
   --------  --------------------------------
  0C:0040    __xc800_genXINIT

Hexadecimal

Area                               Addr   Size   Decimal Bytes (Attributes)
--------------------------------   ----   ----   ------- ----- ------------
GSINIT4                            0064   0030 =     48. bytes (REL,CON,CODE)

      Value  Global
   --------  --------------------------------
  0C:0064    A$MemInitxc88x$70
  0C:0064    __xc800_genRAMCLEAR
  0C:0065    A$MemInitxc88x$71
  0C:0067    A$MemInitxc88x$73
  0C:0068    A$MemInitxc88x$74
  0C:006A    A$MemInitxc88x$85
  0C:006A    __xc800_genXRAMCLEAR
  0C:006D    A$MemInitxc88x$86
  0C:0070    A$MemInitxc88x$87
  0C:0073    A$MemInitxc88x$89
  0C:0075    A$MemInitxc88x$90
  0C:0076    A$MemInitxc88x$91
  0C:0078    A$MemInitxc88x$92
  0C:007A    A$MemInitxc88x$93
  0C:007C    A$MemInitxc88x$94
  0C:007D    A$MemInitxc88x$96
  0C:007E    A$MemInitxc88x$97
  0C:007F    A$MemInitxc88x$98
  0C:0081    A$MemInitxc88x$104
  0C:0083    A$MemInitxc88x$105
  0C:0084    A$MemInitxc88x$106
  0C:0086    A$MemInitxc88x$107
  0C:0088    A$MemInitxc88x$108
  0C:008A    A$MemInitxc88x$109
  0C:008D    A$MemInitxc88x$110
  0C:008E    A$MemInitxc88x$112
  0C:008F    A$MemInitxc88x$113
  0C:0090    A$MemInitxc88x$114
  0C:0092    A$MemInitxc88x$115



Hexadecimal

Area                               Addr   Size   Decimal Bytes (Attributes)
--------------------------------   ----   ----   ------- ----- ------------
GSFINAL                            0094   0003 =      3. bytes (REL,CON,CODE)

      Value  Global
   --------  --------------------------------
  0C:0094    A$MAIN$1375

Hexadecimal

Area                               Addr   Size   Decimal Bytes (Attributes)
--------------------------------   ----   ----   ------- ----- ------------
CSEG                               0097   084F =   2127. bytes (REL,CON,CODE)

      Value  Global
   --------  --------------------------------
  0C:0097    A$MAIN$1410
  0C:0097    C$MAIN.C$122$0$0
  0C:0097    C$MAIN.C$138$1$1
  0C:0097    G$MAIN_vInit$0$0
  0C:0097    _MAIN_vInit
  0C:009A    A$MAIN$1413
  0C:009A    C$MAIN.C$140$1$1
  0C:009D    A$MAIN$1416
  0C:009D    C$MAIN.C$142$1$1
  0C:00A0    A$MAIN$1419
  0C:00A0    C$MAIN.C$151$1$1
  0C:00A3    A$MAIN$1422
  0C:00A3    C$MAIN.C$154$1$1
  0C:00A6    A$MAIN$1425
  0C:00A6    C$MAIN.C$157$1$1
  0C:00A9    A$MAIN$1428
  0C:00A9    C$MAIN.C$160$1$1
  0C:00AC    A$MAIN$1431
  0C:00AC    C$MAIN.C$164$1$1
  0C:00AF    A$MAIN$1434
  0C:00AF    C$MAIN.C$165$1$1
  0C:00B2    A$MAIN$1437
  0C:00B2    C$MAIN.C$166$1$1
  0C:00B5    A$MAIN$1440
  0C:00B5    C$MAIN.C$167$1$1
  0C:00B8    A$MAIN$1443
  0C:00B8    C$MAIN.C$179$1$1
  0C:00BA    A$MAIN$1446
  0C:00BA    C$MAIN.C$181$1$1
  0C:00BA    XG$MAIN_vInit$0$0
  0C:00BB    A$MAIN$1460
  0C:00BB    C$MAIN.C$205$1$1
  0C:00BB    C$MAIN.C$211$1$1
  0C:00BB    G$main$0$0
  0C:00BB    _main
  0C:00BE    A$MAIN$1466
  0C:00BE    C$MAIN.C$217$1$1
  0C:00BE    C$MAIN.C$226$1$1
  0C:00BE    XG$main$0$0
  0C:00C0    A$CAN$1404
  0C:00C0    C$CAN.C$124$0$0
  0C:00C0    C$CAN.C$140$1$1
  0C:00C0    G$CAN_vInit$0$0
  0C:00C0    _CAN_vInit
  0C:00C3    A$CAN$1405
  0C:00C6    A$CAN$1408
  0C:00C6    C$CAN.C$141$1$1
  0C:00C9    A$CAN$1412
  0C:00C9    C$CAN.C$142$1$1
  0C:00CB    A$CAN$1413
  0C:00CE    A$CAN$1416
  0C:00CE    C$CAN.C$144$2$2
  0C:00D1    A$CAN$1417
  0C:00D3    A$CAN$1421
  0C:00D3    C$CAN.C$156$1$1
  0C:00D6    A$CAN$1422
  0C:00D9    A$CAN$1425
  0C:00D9    C$CAN.C$157$1$1
  0C:00DC    A$CAN$1428
  0C:00DC    C$CAN.C$158$1$1
  0C:00DF    A$CAN$1430
  0C:00E1    A$CAN$1431
  0C:00E4    A$CAN$1434
  0C:00E4    C$CAN.C$173$1$1
  0C:00E7    A$CAN$1435
  0C:00EA    A$CAN$1438
  0C:00EA    C$CAN.C$174$1$1
  0C:00ED    A$CAN$1441
  0C:00ED    C$CAN.C$175$1$1
  0C:00F0    A$CAN$1443
  0C:00F2    A$CAN$1444
  0C:00F5    A$CAN$1447
  0C:00F5    C$CAN.C$180$1$1
  0C:00F8    A$CAN$1450
  0C:00F8    C$CAN.C$185$1$1
  0C:00FB    A$CAN$1453
  0C:00FB    C$CAN.C$186$1$1
  0C:00FE    A$CAN$1456
  0C:00FE    C$CAN.C$187$1$1
  0C:0101    A$CAN$1458
  0C:0103    A$CAN$1459
  0C:0106    A$CAN$1462
  0C:0106    C$CAN.C$201$1$1
  0C:0109    A$CAN$1465
  0C:0109    C$CAN.C$202$1$1
  0C:010C    A$CAN$1468
  0C:010C    C$CAN.C$203$1$1
  0C:010F    A$CAN$1470
  0C:0111    A$CAN$1471
  0C:0114    A$CAN$1474
  0C:0114    C$CAN.C$221$1$1
  0C:0117    A$CAN$1477
  0C:0117    C$CAN.C$222$1$1
  0C:011A    A$CAN$1480
  0C:011A    C$CAN.C$223$1$1
  0C:011D    A$CAN$1482
  0C:011F    A$CAN$1483
  0C:0122    A$CAN$1486
  0C:0122    C$CAN.C$234$1$1
  0C:0125    A$CAN$1489
  0C:0125    C$CAN.C$235$1$1
  0C:0128    A$CAN$1491
  0C:012A    A$CAN$1492
  0C:012D    A$CAN$1495
  0C:012D    C$CAN.C$248$1$1
  0C:0130    A$CAN$1498
  0C:0130    C$CAN.C$249$1$1
  0C:0133    A$CAN$1501
  0C:0133    C$CAN.C$250$1$1
  0C:0136    A$CAN$1504
  0C:0136    C$CAN.C$251$1$1
  0C:0139    A$CAN$1506
  0C:013B    A$CAN$1507
  0C:013E    A$CAN$1510
  0C:013E    C$CAN.C$261$1$1
  0C:0141    A$CAN$1513
  0C:0141    C$CAN.C$262$1$1
  0C:0144    A$CAN$1516
  0C:0144    C$CAN.C$263$1$1
  0C:0147    A$CAN$1519
  0C:0147    C$CAN.C$265$1$1
  0C:014A    A$CAN$1522
  0C:014A    C$CAN.C$266$1$1
  0C:014D    A$CAN$1525
  0C:014D    C$CAN.C$273$1$1
  0C:0150    A$CAN$1526
  0C:0153    A$CAN$1529
  0C:0153    C$CAN.C$276$1$1
  0C:0156    A$CAN$1530
  0C:0157    A$CAN$1531
  0C:0159    A$CAN$1532
  0C:015B    A$CAN$1533
  0C:015E    A$CAN$1536
  0C:015E    C$CAN.C$290$1$1
  0C:0161    A$CAN$1537
  0C:0164    A$CAN$1540
  0C:0164    C$CAN.C$292$1$1
  0C:0167    A$CAN$1541
  0C:016A    A$CAN$1542
  0C:016C    A$CAN$1543
  0C:016F    A$CAN$1546
  0C:016F    C$CAN.C$295$1$1
  0C:0172    A$CAN$1549
  0C:0172    C$CAN.C$304$1$1
  0C:0175    A$CAN$1550
  0C:0178    A$CAN$1551
  0C:017A    A$CAN$1552
  0C:017D    A$CAN$1555
  0C:017D    C$CAN.C$307$1$1
  0C:0180    A$CAN$1558
  0C:0180    C$CAN.C$312$1$1
  0C:0183    A$CAN$1559
  0C:0184    A$CAN$1560
  0C:0186    A$CAN$1561
  0C:0189    A$CAN$1564
  0C:0189    C$CAN.C$315$1$1
  0C:018C    A$CAN$1567
  0C:018C    C$CAN.C$319$1$1
  0C:018F    A$CAN$1568
  0C:0190    A$CAN$1569
  0C:0192    A$CAN$1570
  0C:0195    A$CAN$1573
  0C:0195    C$CAN.C$322$1$1
  0C:0198    A$CAN$1576
  0C:0198    C$CAN.C$329$1$1
  0C:019B    A$CAN$1577
  0C:019E    A$CAN$1578
  0C:01A0    A$CAN$1579
  0C:01A3    A$CAN$1582
  0C:01A3    C$CAN.C$332$1$1
  0C:01A6    A$CAN$1585
  0C:01A6    C$CAN.C$338$1$1
  0C:01A9    A$CAN$1586
  0C:01AA    A$CAN$1587
  0C:01AC    A$CAN$1588
  0C:01AF    A$CAN$1591
  0C:01AF    C$CAN.C$341$1$1
  0C:01B2    A$CAN$1594
  0C:01B2    C$CAN.C$346$1$1
  0C:01B5    A$CAN$1595
  0C:01B6    A$CAN$1596
  0C:01B8    A$CAN$1597
  0C:01BB    A$CAN$1600
  0C:01BB    C$CAN.C$349$1$1
  0C:01BE    A$CAN$1603
  0C:01BE    C$CAN.C$356$1$1
  0C:01C1    A$CAN$1604
  0C:01C2    A$CAN$1605
  0C:01C4    A$CAN$1606
  0C:01C6    A$CAN$1607
  0C:01C9    A$CAN$1610
  0C:01C9    C$CAN.C$504$1$1
  0C:01CC    A$CAN$1611
  0C:01CF    A$CAN$1614
  0C:01CF    C$CAN.C$505$1$1
  0C:01D2    A$CAN$1616
  0C:01D4    A$CAN$1617
  0C:01D7    A$CAN$1620
  0C:01D7    C$CAN.C$506$1$1
  0C:01DA    A$CAN$1623
  0C:01DA    C$CAN.C$507$1$1
  0C:01DD    A$CAN$1625
  0C:01DF    A$CAN$1626
  0C:01E2    A$CAN$1629
  0C:01E2    C$CAN.C$515$1$1
  0C:01E2    XG$CAN_vInit$0$0
  0C:01E3    A$CAN$1643
  0C:01E3    C$CAN.C$554$1$1
  0C:01E3    G$CAN_vWriteAMData$0$0
  0C:01E3    _CAN_vWriteAMData
  0C:01E5    A$CAN$1644
  0C:01E7    A$CAN$1645
  0C:01E9    A$CAN$1646
  0C:01EA    A$CAN$1649
  0C:01EA    C$CAN.C$557$1$1
  0C:01EC    A$CAN$1650
  0C:01EE    A$CAN$1651
  0C:01F0    A$CAN$1652
  0C:01F2    A$CAN$1655
  0C:01F2    C$CAN.C$559$1$1
  0C:01F5    A$CAN$1658
  0C:01F5    C$CAN.C$560$1$1
  0C:01F8    A$CAN$1661
  0C:01F8    C$CAN.C$561$1$1
  0C:01FB    A$CAN$1664
  0C:01FB    C$CAN.C$562$1$1
  0C:01FE    A$CAN$1667
  0C:01FE    C$CAN.C$563$1$1
  0C:0201    A$CAN$1669
  0C:0203    A$CAN$1670
  0C:0206    A$CAN$1673
  0C:0206    C$CAN.C$564$1$1
  0C:0206    XG$CAN_vWriteAMData$0$0
  0C:0207    A$CAN$1688
  0C:0207    C$CAN.C$589$1$1
  0C:0207    C$CAN.C$591$1$1
  0C:0207    G$CAN_vSetListCommand$0$0
  0C:0207    _CAN_vSetListCommand
  0C:020A    A$CAN$1691
  0C:020A    C$CAN.C$592$1$1
  0C:020D    A$CAN$1695
  0C:020D    C$CAN.C$593$1$1
  0C:020F    A$CAN$1696
  0C:0212    A$CAN$1699
  0C:0212    C$CAN.C$595$2$2
  0C:0215    A$CAN$1700
  0C:0217    A$CAN$1704
  0C:0217    C$CAN.C$597$1$1
  0C:0217    XG$CAN_vSetListCommand$0$0
  0C:0218    A$CAN$1722
  0C:0218    C$CAN.C$627$1$1
  0C:0218    G$CAN_vGetMsgObj$0$0
  0C:0218    _CAN_vGetMsgObj
  0C:021A    A$CAN$1726
  0C:021A    C$CAN.C$631$1$1
  0C:021C    A$CAN$1727
  0C:021F    A$CAN$1728
  0C:022B    A$CAN$1731
  0C:022B    C$CAN.C$635$1$1
  0C:022C    A$CAN$1732
  0C:022D    A$CAN$1733
  0C:022E    A$CAN$1734
  0C:0230    A$CAN$1735
  0C:0232    A$CAN$1736
  0C:0235    A$CAN$1737
  0C:0236    A$CAN$1738
  0C:0239    A$CAN$1739
  0C:023A    A$CAN$1740
  0C:023B    A$CAN$1741
  0C:023D    A$CAN$1742
  0C:023F    A$CAN$1743
  0C:0241    A$CAN$1744
  0C:0242    A$CAN$1745
  0C:0243    A$CAN$1746
  0C:0245    A$CAN$1747
  0C:0247    A$CAN$1750
  0C:0247    C$CAN.C$636$1$1
  0C:024A    A$CAN$1752
  0C:024C    A$CAN$1753
  0C:024F    A$CAN$1756
  0C:024F    C$CAN.C$638$1$1
  0C:0251    A$CAN$1757
  0C:0253    A$CAN$1758
  0C:0255    A$CAN$1759
  0C:0257    A$CAN$1760
  0C:0259    A$CAN$1761
  0C:025B    A$CAN$1762
  0C:025D    A$CAN$1763
  0C:0260    A$CAN$1766
  0C:0260    C$CAN.C$641$1$1
  0C:0262    A$CAN$1767
  0C:0264    A$CAN$1768
  0C:0266    A$CAN$1769
  0C:0268    A$CAN$1770
  0C:0269    A$CAN$1771
  0C:026B    A$CAN$1772
  0C:026C    A$CAN$1773
  0C:026D    A$CAN$1774
  0C:026F    A$CAN$1775
  0C:0271    A$CAN$1778
  0C:0271    C$CAN.C$643$1$1
  0C:0274    A$CAN$1780
  0C:0276    A$CAN$1781
  0C:0279    A$CAN$1784
  0C:0279    C$CAN.C$644$1$1
  0C:027B    A$CAN$1785
  0C:027C    A$CAN$1786
  0C:027D    A$CAN$1787
  0C:027E    A$CAN$1788
  0C:027F    A$CAN$1789
  0C:0280    A$CAN$1790
  0C:0282    A$CAN$1791
  0C:0284    A$CAN$1792
  0C:0286    A$CAN$1793
  0C:0288    A$CAN$1794
  0C:028A    A$CAN$1795
  0C:028D    A$CAN$1798
  0C:028D    C$CAN.C$645$1$1
  0C:028F    A$CAN$1799
  0C:0290    A$CAN$1800
  0C:0292    A$CAN$1801
  0C:0293    A$CAN$1802
  0C:0294    A$CAN$1803
  0C:0296    A$CAN$1804
  0C:0298    A$CAN$1805
  0C:029A    A$CAN$1806
  0C:029C    A$CAN$1807
  0C:029D    A$CAN$1808
  0C:029E    A$CAN$1809
  0C:02A0    A$CAN$1810
  0C:02A1    A$CAN$1811
  0C:02A3    A$CAN$1812
  0C:02A5    A$CAN$1813
  0C:02A7    A$CAN$1814
  0C:02A9    A$CAN$1815
  0C:02AB    A$CAN$1816
  0C:02AE    A$CAN$1819
  0C:02AE    C$CAN.C$646$1$1
  0C:02B0    A$CAN$1820
  0C:02B2    A$CAN$1821
  0C:02B3    A$CAN$1822
  0C:02B4    A$CAN$1823
  0C:02B6    A$CAN$1824
  0C:02B7    A$CAN$1825
  0C:02B9    A$CAN$1826
  0C:02BB    A$CAN$1827
  0C:02BD    A$CAN$1828
  0C:02BF    A$CAN$1829
  0C:02C1    A$CAN$1830
  0C:02C4    A$CAN$1833
  0C:02C4    C$CAN.C$647$1$1
  0C:02C6    A$CAN$1834
  0C:02C8    A$CAN$1835
  0C:02C9    A$CAN$1836
  0C:02CA    A$CAN$1837
  0C:02CC    A$CAN$1838
  0C:02CD    A$CAN$1839
  0C:02CF    A$CAN$1840
  0C:02D1    A$CAN$1841
  0C:02D3    A$CAN$1842
  0C:02D5    A$CAN$1843
  0C:02D7    A$CAN$1844
  0C:02DA    A$CAN$1847
  0C:02DA    C$CAN.C$650$1$1
  0C:02DD    A$CAN$1850
  0C:02E0    A$CAN$1856
  0C:02E0    C$CAN.C$654$1$1
  0C:02E2    A$CAN$1857
  0C:02E5    A$CAN$1860
  0C:02E5    C$CAN.C$655$1$1
  0C:02E7    A$CAN$1861
  0C:02E8    A$CAN$1862
  0C:02E9    A$CAN$1863
  0C:02EA    A$CAN$1864
  0C:02EB    A$CAN$1865
  0C:02EC    A$CAN$1866
  0C:02EE    A$CAN$1867
  0C:02F0    A$CAN$1868
  0C:02F2    A$CAN$1869
  0C:02F4    A$CAN$1870
  0C:02F6    A$CAN$1871
  0C:02F9    A$CAN$1874
  0C:02F9    C$CAN.C$656$1$1
  0C:02FB    A$CAN$1875
  0C:02FC    A$CAN$1876
  0C:02FD    A$CAN$1877
  0C:02FE    A$CAN$1878
  0C:02FF    A$CAN$1879
  0C:0300    A$CAN$1880
  0C:0302    A$CAN$1881
  0C:0304    A$CAN$1882
  0C:0306    A$CAN$1883
  0C:0308    A$CAN$1884
  0C:030A    A$CAN$1885
  0C:030B    A$CAN$1886
  0C:030C    A$CAN$1887
  0C:030D    A$CAN$1888
  0C:030E    A$CAN$1889
  0C:030F    A$CAN$1890
  0C:0311    A$CAN$1891
  0C:0313    A$CAN$1892
  0C:0315    A$CAN$1893
  0C:0317    A$CAN$1894
  0C:0319    A$CAN$1895
  0C:031C    A$CAN$1898
  0C:031C    C$CAN.C$657$1$1
  0C:031E    A$CAN$1899
  0C:031F    A$CAN$1900
  0C:0320    A$CAN$1901
  0C:0321    A$CAN$1902
  0C:0322    A$CAN$1903
  0C:0323    A$CAN$1904
  0C:0325    A$CAN$1905
  0C:0327    A$CAN$1906
  0C:0329    A$CAN$1907
  0C:032B    A$CAN$1908
  0C:032D    A$CAN$1909
  0C:0330    A$CAN$1912
  0C:0330    C$CAN.C$658$1$1
  0C:0332    A$CAN$1913
  0C:0333    A$CAN$1914
  0C:0334    A$CAN$1915
  0C:0335    A$CAN$1916
  0C:0336    A$CAN$1917
  0C:0337    A$CAN$1918
  0C:0339    A$CAN$1919
  0C:033B    A$CAN$1920
  0C:033D    A$CAN$1921
  0C:033F    A$CAN$1922
  0C:0342    A$CAN$1925
  0C:0342    C$CAN.C$661$1$1
  0C:0344    A$CAN$1926
  0C:0346    A$CAN$1927
  0C:0348    A$CAN$1928
  0C:034A    A$CAN$1929
  0C:034B    A$CAN$1930
  0C:034D    A$CAN$1931
  0C:034E    A$CAN$1932
  0C:034F    A$CAN$1933
  0C:0351    A$CAN$1934
  0C:0353    A$CAN$1937
  0C:0356    A$CAN$1940
  0C:0358    A$CAN$1941
  0C:035A    A$CAN$1942
  0C:035C    A$CAN$1946
  0C:035C    C$CAN.C$662$1$1
  0C:035E    A$CAN$1947
  0C:0361    A$CAN$1950
  0C:0361    C$CAN.C$664$1$1
  0C:0363    A$CAN$1951
  0C:0366    A$CAN$1954
  0C:0368    A$CAN$1955
  0C:036A    A$CAN$1956
  0C:036C    A$CAN$1957
  0C:036D    A$CAN$1958
  0C:036E    A$CAN$1959
  0C:036F    A$CAN$1960
  0C:0370    A$CAN$1961
  0C:0371    A$CAN$1962
  0C:0373    A$CAN$1963
  0C:0375    A$CAN$1964
  0C:0377    A$CAN$1965
  0C:0379    A$CAN$1966
  0C:037C    A$CAN$1967
  0C:037D    A$CAN$1968
  0C:0380    A$CAN$1969
  0C:0382    A$CAN$1970
  0C:0384    A$CAN$1971
  0C:0386    A$CAN$1972
  0C:0387    A$CAN$1973
  0C:038A    A$CAN$1976
  0C:038C    A$CAN$1977
  0C:038E    A$CAN$1983
  0C:038E    C$CAN.C$666$1$1
  0C:038E    C$CAN.C$672$1$1
  0C:0391    A$CAN$1986
  0C:0391    C$CAN.C$673$1$1
  0C:0394    A$CAN$1988
  0C:0396    A$CAN$1989
  0C:0399    A$CAN$1992
  0C:0399    C$CAN.C$675$1$1
  0C:039B    A$CAN$1993
  0C:039E    A$CAN$1994
  0C:03A1    A$CAN$1998
  0C:03A1    C$CAN.C$679$1$1
  0C:03A3    A$CAN$1999
  0C:03A5    A$CAN$2000
  0C:03A7    A$CAN$2001
  0C:03A8    A$CAN$2002
  0C:03A9    A$CAN$2003
  0C:03AA    A$CAN$2004
  0C:03AB    A$CAN$2005
  0C:03AC    A$CAN$2006
  0C:03AE    A$CAN$2007
  0C:03B0    A$CAN$2008
  0C:03B2    A$CAN$2009
  0C:03B4    A$CAN$2010
  0C:03B6    A$CAN$2011
  0C:03B9    A$CAN$2014
  0C:03B9    C$CAN.C$680$2$3
  0C:03BB    A$CAN$2015
  0C:03BC    A$CAN$2016
  0C:03BE    A$CAN$2017
  0C:03BF    A$CAN$2018
  0C:03C0    A$CAN$2019
  0C:03C2    A$CAN$2020
  0C:03C4    A$CAN$2021
  0C:03C6    A$CAN$2022
  0C:03C8    A$CAN$2023
  0C:03C9    A$CAN$2024
  0C:03CA    A$CAN$2025
  0C:03CC    A$CAN$2026
  0C:03CD    A$CAN$2027
  0C:03CF    A$CAN$2028
  0C:03D1    A$CAN$2029
  0C:03D3    A$CAN$2030
  0C:03D5    A$CAN$2031
  0C:03D7    A$CAN$2032
  0C:03DA    A$CAN$2035
  0C:03DA    C$CAN.C$681$2$3
  0C:03DC    A$CAN$2036
  0C:03DE    A$CAN$2037
  0C:03DF    A$CAN$2038
  0C:03E0    A$CAN$2039
  0C:03E2    A$CAN$2040
  0C:03E3    A$CAN$2041
  0C:03E5    A$CAN$2042
  0C:03E7    A$CAN$2043
  0C:03E9    A$CAN$2044
  0C:03EB    A$CAN$2045
  0C:03ED    A$CAN$2046
  0C:03F0    A$CAN$2049
  0C:03F0    C$CAN.C$682$2$3
  0C:03F2    A$CAN$2050
  0C:03F4    A$CAN$2051
  0C:03F5    A$CAN$2052
  0C:03F6    A$CAN$2053
  0C:03F8    A$CAN$2054
  0C:03F9    A$CAN$2055
  0C:03FB    A$CAN$2056
  0C:03FD    A$CAN$2057
  0C:03FF    A$CAN$2058
  0C:0400    A$CAN$2059
  0C:0402    A$CAN$2060
  0C:0404    A$CAN$2061
  0C:0406    A$CAN$2062
  0C:0409    A$CAN$2065
  0C:0409    C$CAN.C$685$2$3
  0C:040C    A$CAN$2068
  0C:040C    C$CAN.C$688$2$3
  0C:040F    A$CAN$2071
  0C:040F    C$CAN.C$691$2$3
  0C:0412    A$CAN$2074
  0C:0415    A$CAN$2077
  0C:0417    A$CAN$2078
  0C:0419    A$CAN$2082
  0C:0419    C$CAN.C$693$2$3
  0C:041B    A$CAN$2083
  0C:041E    A$CAN$2086
  0C:041E    C$CAN.C$696$1$1
  0C:0420    A$CAN$2087
  0C:0422    A$CAN$2088
  0C:0424    A$CAN$2089
  0C:0425    A$CAN$2090
  0C:0426    A$CAN$2091
  0C:0427    A$CAN$2092
  0C:0428    A$CAN$2093
  0C:0429    A$CAN$2094
  0C:042B    A$CAN$2095
  0C:042D    A$CAN$2096
  0C:042F    A$CAN$2097
  0C:0431    A$CAN$2098
  0C:0433    A$CAN$2099
  0C:0436    A$CAN$2102
  0C:0436    C$CAN.C$697$2$3
  0C:0438    A$CAN$2103
  0C:0439    A$CAN$2104
  0C:043B    A$CAN$2105
  0C:043C    A$CAN$2106
  0C:043D    A$CAN$2107
  0C:043F    A$CAN$2108
  0C:0441    A$CAN$2109
  0C:0443    A$CAN$2110
  0C:0445    A$CAN$2111
  0C:0446    A$CAN$2112
  0C:0447    A$CAN$2113
  0C:0449    A$CAN$2114
  0C:044A    A$CAN$2115
  0C:044C    A$CAN$2116
  0C:044E    A$CAN$2117
  0C:0450    A$CAN$2118
  0C:0452    A$CAN$2119
  0C:0454    A$CAN$2120
  0C:0457    A$CAN$2123
  0C:0457    C$CAN.C$698$2$3
  0C:0459    A$CAN$2124
  0C:045B    A$CAN$2125
  0C:045C    A$CAN$2126
  0C:045D    A$CAN$2127
  0C:045F    A$CAN$2128
  0C:0460    A$CAN$2129
  0C:0462    A$CAN$2130
  0C:0464    A$CAN$2131
  0C:0466    A$CAN$2132
  0C:0468    A$CAN$2133
  0C:046A    A$CAN$2134
  0C:046D    A$CAN$2137
  0C:046D    C$CAN.C$699$2$3
  0C:046F    A$CAN$2138
  0C:0471    A$CAN$2139
  0C:0472    A$CAN$2140
  0C:0473    A$CAN$2141
  0C:0475    A$CAN$2142
  0C:0476    A$CAN$2143
  0C:0478    A$CAN$2144
  0C:047A    A$CAN$2145
  0C:047C    A$CAN$2146
  0C:047E    A$CAN$2147
  0C:0480    A$CAN$2148
  0C:0482    A$CAN$2149
  0C:0485    A$CAN$2152
  0C:0485    C$CAN.C$701$2$3
  0C:0487    A$CAN$2153
  0C:0488    A$CAN$2154
  0C:0489    A$CAN$2155
  0C:048A    A$CAN$2156
  0C:048B    A$CAN$2157
  0C:048C    A$CAN$2158
  0C:048E    A$CAN$2159
  0C:0490    A$CAN$2160
  0C:0492    A$CAN$2161
  0C:0494    A$CAN$2162
  0C:0497    A$CAN$2163
  0C:0498    A$CAN$2164
  0C:049B    A$CAN$2165
  0C:049D    A$CAN$2166
  0C:049F    A$CAN$2167
  0C:04A1    A$CAN$2168
  0C:04A2    A$CAN$2169
  0C:04A5    A$CAN$2170
  0C:04A7    A$CAN$2171
  0C:04A9    A$CAN$2172
  0C:04AC    A$CAN$2176
  0C:04AC    C$CAN.C$706$1$1
  0C:04AE    A$CAN$2177
  0C:04B0    A$CAN$2178
  0C:04B2    A$CAN$2179
  0C:04B3    A$CAN$2180
  0C:04B4    A$CAN$2181
  0C:04B5    A$CAN$2182
  0C:04B6    A$CAN$2183
  0C:04B7    A$CAN$2184
  0C:04B9    A$CAN$2185
  0C:04BB    A$CAN$2186
  0C:04BD    A$CAN$2187
  0C:04BE    A$CAN$2188
  0C:04BF    A$CAN$2189
  0C:04C1    A$CAN$2190
  0C:04C3    A$CAN$2191
  0C:04C5    A$CAN$2192
  0C:04C7    A$CAN$2193
  0C:04CA    A$CAN$2196
  0C:04CA    C$CAN.C$707$2$4
  0C:04CC    A$CAN$2197
  0C:04CD    A$CAN$2198
  0C:04CF    A$CAN$2199
  0C:04D0    A$CAN$2200
  0C:04D1    A$CAN$2201
  0C:04D3    A$CAN$2202
  0C:04D5    A$CAN$2203
  0C:04D7    A$CAN$2204
  0C:04D9    A$CAN$2205
  0C:04DB    A$CAN$2206
  0C:04DC    A$CAN$2207
  0C:04DE    A$CAN$2208
  0C:04E0    A$CAN$2209
  0C:04E3    A$CAN$2210
  0C:04E5    A$CAN$2211
  0C:04E7    A$CAN$2212
  0C:04EA    A$CAN$2213
  0C:04ED    A$CAN$2214
  0C:04F0    A$CAN$2215
  0C:04F3    A$CAN$2218
  0C:04F3    C$CAN.C$708$2$4
  0C:04F5    A$CAN$2219
  0C:04F7    A$CAN$2220
  0C:04F8    A$CAN$2221
  0C:04F9    A$CAN$2222
  0C:04FB    A$CAN$2223
  0C:04FC    A$CAN$2224
  0C:04FE    A$CAN$2225
  0C:0500    A$CAN$2226
  0C:0502    A$CAN$2227
  0C:0504    A$CAN$2228
  0C:0505    A$CAN$2229
  0C:0508    A$CAN$2232
  0C:0508    C$CAN.C$709$2$4
  0C:050A    A$CAN$2233
  0C:050C    A$CAN$2234
  0C:050D    A$CAN$2235
  0C:050E    A$CAN$2236
  0C:0510    A$CAN$2237
  0C:0511    A$CAN$2238
  0C:0513    A$CAN$2239
  0C:0515    A$CAN$2240
  0C:0517    A$CAN$2241
  0C:0519    A$CAN$2242
  0C:051A    A$CAN$2243
  0C:051D    A$CAN$2246
  0C:051D    C$CAN.C$712$2$4
  0C:0520    A$CAN$2247
  0C:0523    A$CAN$2248
  0C:0526    A$CAN$2249
  0C:0529    A$CAN$2250
  0C:052B    A$CAN$2251
  0C:052C    A$CAN$2252
  0C:052D    A$CAN$2253
  0C:052F    A$CAN$2254
  0C:0531    A$CAN$2257
  0C:0531    C$CAN.C$713$2$4
  0C:0534    A$CAN$2258
  0C:0537    A$CAN$2259
  0C:053A    A$CAN$2260
  0C:053D    A$CAN$2261
  0C:053E    A$CAN$2262
  0C:053F    A$CAN$2263
  0C:0541    A$CAN$2264
  0C:0544    A$CAN$2265
  0C:0547    A$CAN$2266
  0C:054A    A$CAN$2267
  0C:054D    A$CAN$2270
  0C:054D    C$CAN.C$714$2$4
  0C:054F    A$CAN$2271
  0C:0550    A$CAN$2272
  0C:0551    A$CAN$2273
  0C:0552    A$CAN$2274
  0C:0553    A$CAN$2275
  0C:0554    A$CAN$2276
  0C:0556    A$CAN$2277
  0C:0558    A$CAN$2278
  0C:055A    A$CAN$2279
  0C:055C    A$CAN$2280
  0C:055F    A$CAN$2281
  0C:0560    A$CAN$2282
  0C:0562    A$CAN$2283
  0C:0563    A$CAN$2284
  0C:0564    A$CAN$2285
  0C:0566    A$CAN$2286
  0C:0568    A$CAN$2287
  0C:056A    A$CAN$2288
  0C:056D    A$CAN$2291
  0C:056D    C$CAN.C$717$2$4
  0C:0570    A$CAN$2294
  0C:0570    C$CAN.C$720$2$4
  0C:0573    A$CAN$2297
  0C:0573    C$CAN.C$723$2$4
  0C:0576    A$CAN$2300
  0C:0579    A$CAN$2303
  0C:057B    A$CAN$2304
  0C:057D    A$CAN$2308
  0C:057D    C$CAN.C$725$2$4
  0C:057F    A$CAN$2309
  0C:0582    A$CAN$2312
  0C:0582    C$CAN.C$729$1$1
  0C:0584    A$CAN$2313
  0C:0586    A$CAN$2314
  0C:0588    A$CAN$2315
  0C:0589    A$CAN$2316
  0C:058A    A$CAN$2317
  0C:058B    A$CAN$2318
  0C:058C    A$CAN$2319
  0C:058D    A$CAN$2320
  0C:058F    A$CAN$2321
  0C:0591    A$CAN$2322
  0C:0593    A$CAN$2323
  0C:0594    A$CAN$2324
  0C:0595    A$CAN$2325
  0C:0597    A$CAN$2326
  0C:0599    A$CAN$2327
  0C:059B    A$CAN$2328
  0C:059D    A$CAN$2329
  0C:05A0    A$CAN$2332
  0C:05A0    C$CAN.C$730$2$4
  0C:05A2    A$CAN$2333
  0C:05A3    A$CAN$2334
  0C:05A5    A$CAN$2335
  0C:05A6    A$CAN$2336
  0C:05A7    A$CAN$2337
  0C:05A9    A$CAN$2338
  0C:05AB    A$CAN$2339
  0C:05AD    A$CAN$2340
  0C:05AF    A$CAN$2341
  0C:05B1    A$CAN$2342
  0C:05B2    A$CAN$2343
  0C:05B4    A$CAN$2344
  0C:05B6    A$CAN$2345
  0C:05B9    A$CAN$2346
  0C:05BB    A$CAN$2347
  0C:05BD    A$CAN$2348
  0C:05C0    A$CAN$2349
  0C:05C3    A$CAN$2350
  0C:05C6    A$CAN$2351
  0C:05C9    A$CAN$2354
  0C:05C9    C$CAN.C$731$2$4
  0C:05CB    A$CAN$2355
  0C:05CD    A$CAN$2356
  0C:05CE    A$CAN$2357
  0C:05CF    A$CAN$2358
  0C:05D1    A$CAN$2359
  0C:05D2    A$CAN$2360
  0C:05D4    A$CAN$2361
  0C:05D6    A$CAN$2362
  0C:05D8    A$CAN$2363
  0C:05DA    A$CAN$2364
  0C:05DB    A$CAN$2365
  0C:05DE    A$CAN$2368
  0C:05DE    C$CAN.C$732$2$4
  0C:05E0    A$CAN$2369
  0C:05E2    A$CAN$2370
  0C:05E3    A$CAN$2371
  0C:05E4    A$CAN$2372
  0C:05E6    A$CAN$2373
  0C:05E7    A$CAN$2374
  0C:05E9    A$CAN$2375
  0C:05EB    A$CAN$2376
  0C:05ED    A$CAN$2377
  0C:05EF    A$CAN$2378
  0C:05F0    A$CAN$2379
  0C:05F3    A$CAN$2382
  0C:05F3    C$CAN.C$735$2$4
  0C:05F6    A$CAN$2383
  0C:05F9    A$CAN$2384
  0C:05FC    A$CAN$2385
  0C:05FF    A$CAN$2386
  0C:0601    A$CAN$2387
  0C:0602    A$CAN$2388
  0C:0603    A$CAN$2389
  0C:0605    A$CAN$2390
  0C:0607    A$CAN$2393
  0C:0607    C$CAN.C$736$2$4
  0C:060A    A$CAN$2394
  0C:060D    A$CAN$2395
  0C:0610    A$CAN$2396
  0C:0613    A$CAN$2397
  0C:0614    A$CAN$2398
  0C:0615    A$CAN$2399
  0C:0617    A$CAN$2400
  0C:061A    A$CAN$2401
  0C:061D    A$CAN$2402
  0C:0620    A$CAN$2403
  0C:0623    A$CAN$2406
  0C:0623    C$CAN.C$737$2$4
  0C:0625    A$CAN$2407
  0C:0626    A$CAN$2408
  0C:0627    A$CAN$2409
  0C:0628    A$CAN$2410
  0C:0629    A$CAN$2411
  0C:062A    A$CAN$2412
  0C:062C    A$CAN$2413
  0C:062E    A$CAN$2414
  0C:0630    A$CAN$2415
  0C:0632    A$CAN$2416
  0C:0635    A$CAN$2417
  0C:0636    A$CAN$2418
  0C:0638    A$CAN$2419
  0C:0639    A$CAN$2420
  0C:063A    A$CAN$2421
  0C:063C    A$CAN$2422
  0C:063E    A$CAN$2423
  0C:0640    A$CAN$2424
  0C:0643    A$CAN$2427
  0C:0645    A$CAN$2428
  0C:0647    A$CAN$2434
  0C:0647    C$CAN.C$737$1$1
  0C:0647    C$CAN.C$742$1$1
  0C:0649    A$CAN$2435
  0C:064B    A$CAN$2436
  0C:064D    A$CAN$2437
  0C:064F    A$CAN$2438
  0C:0650    A$CAN$2439
  0C:0652    A$CAN$2440
  0C:0653    A$CAN$2441
  0C:0654    A$CAN$2442
  0C:0656    A$CAN$2443
  0C:0658    A$CAN$2446
  0C:0658    C$CAN.C$743$1$1
  0C:065B    A$CAN$2448
  0C:065D    A$CAN$2449
  0C:0660    A$CAN$2452
  0C:0660    C$CAN.C$745$1$1
  0C:0662    A$CAN$2453
  0C:0663    A$CAN$2454
  0C:0664    A$CAN$2455
  0C:0665    A$CAN$2456
  0C:0666    A$CAN$2457
  0C:0667    A$CAN$2458
  0C:0669    A$CAN$2459
  0C:066B    A$CAN$2460
  0C:066D    A$CAN$2461
  0C:066F    A$CAN$2462
  0C:0671    A$CAN$2463
  0C:0674    A$CAN$2466
  0C:0674    C$CAN.C$746$1$1
  0C:0676    A$CAN$2467
  0C:0677    A$CAN$2468
  0C:0678    A$CAN$2469
  0C:0679    A$CAN$2470
  0C:067A    A$CAN$2471
  0C:067B    A$CAN$2472
  0C:067C    A$CAN$2473
  0C:067F    A$CAN$2474
  0C:0680    A$CAN$2476
  0C:0682    A$CAN$2477
  0C:0684    A$CAN$2478
  0C:0686    A$CAN$2479
  0C:0688    A$CAN$2480
  0C:068B    A$CAN$2483
  0C:068B    C$CAN.C$748$1$1
  0C:0697    A$CAN$2486
  0C:0697    C$CAN.C$749$1$1
  0C:0697    XG$CAN_vGetMsgObj$0$0
  0C:0698    A$CAN$2499
  0C:0698    C$CAN.C$778$1$1
  0C:0698    G$CAN_vTransmit$0$0
  0C:0698    _CAN_vTransmit
  0C:069A    A$CAN$2503
  0C:069A    C$CAN.C$780$1$1
  0C:069C    A$CAN$2504
  0C:069F    A$CAN$2505
  0C:06AB    A$CAN$2508
  0C:06AB    C$CAN.C$782$1$1
  0C:06AC    A$CAN$2509
  0C:06AD    A$CAN$2510
  0C:06AE    A$CAN$2511
  0C:06B0    A$CAN$2512
  0C:06B1    A$CAN$2513
  0C:06B3    A$CAN$2514
  0C:06B4    A$CAN$2515
  0C:06B6    A$CAN$2516
  0C:06B7    A$CAN$2517
  0C:06BA    A$CAN$2518
  0C:06BB    A$CAN$2519
  0C:06BD    A$CAN$2520
  0C:06BF    A$CAN$2521
  0C:06C1    A$CAN$2522
  0C:06C2    A$CAN$2523
  0C:06C4    A$CAN$2524
  0C:06C6    A$CAN$2527
  0C:06C6    C$CAN.C$783$1$1
  0C:06C9    A$CAN$2528
  0C:06CC    A$CAN$2529
  0C:06CF    A$CAN$2530
  0C:06D2    A$CAN$2531
  0C:06D5    A$CAN$2533
  0C:06D7    A$CAN$2534
  0C:06DA    A$CAN$2537
  0C:06DA    C$CAN.C$785$1$1
  0C:06E6    A$CAN$2540
  0C:06E6    C$CAN.C$787$1$1
  0C:06E6    XG$CAN_vTransmit$0$0
  0C:06E7    A$CAN$2555
  0C:06E7    C$CAN.C$818$1$1
  0C:06E7    G$CAN_vLoadData$0$0
  0C:06E7    _CAN_vLoadData
  0C:06E9    A$CAN$2559
  0C:06E9    C$CAN.C$820$1$1
  0C:06EB    A$CAN$2560
  0C:06EE    A$CAN$2561
  0C:06FA    A$CAN$2564
  0C:06FA    C$CAN.C$822$1$1
  0C:06FB    A$CAN$2565
  0C:06FC    A$CAN$2566
  0C:06FD    A$CAN$2567
  0C:06FF    A$CAN$2568
  0C:0700    A$CAN$2569
  0C:0702    A$CAN$2570
  0C:0703    A$CAN$2571
  0C:0705    A$CAN$2572
  0C:0706    A$CAN$2573
  0C:0709    A$CAN$2574
  0C:070A    A$CAN$2575
  0C:070C    A$CAN$2576
  0C:070E    A$CAN$2577
  0C:0710    A$CAN$2578
  0C:0711    A$CAN$2579
  0C:0713    A$CAN$2580
  0C:0715    A$CAN$2583
  0C:0715    C$CAN.C$823$1$1
  0C:0718    A$CAN$2584
  0C:071B    A$CAN$2585
  0C:071E    A$CAN$2586
  0C:0721    A$CAN$2587
  0C:0724    A$CAN$2589
  0C:0726    A$CAN$2590
  0C:0729    A$CAN$2593
  0C:0729    C$CAN.C$826$1$1
  0C:072C    A$CAN$2596
  0C:072C    C$CAN.C$829$1$1
  0C:072F    A$CAN$2599
  0C:072F    C$CAN.C$832$1$1
  0C:0732    A$CAN$2602
  0C:0732    C$CAN.C$834$1$1
  0C:0735    A$CAN$2603
  0C:0738    A$CAN$2604
  0C:073B    A$CAN$2605
  0C:073E    A$CAN$2606
  0C:0741    A$CAN$2607
  0C:0744    A$CAN$2608
  0C:0747    A$CAN$2609
  0C:0748    A$CAN$2610
  0C:0749    A$CAN$2611
  0C:074C    A$CAN$2612
  0C:074D    A$CAN$2613
  0C:074E    A$CAN$2614
  0C:0751    A$CAN$2615
  0C:0752    A$CAN$2616
  0C:0753    A$CAN$2617
  0C:0756    A$CAN$2618
  0C:0757    A$CAN$2619
  0C:0759    A$CAN$2620
  0C:075B    A$CAN$2621
  0C:075D    A$CAN$2622
  0C:075F    A$CAN$2623
  0C:0761    A$CAN$2624
  0C:0763    A$CAN$2625
  0C:0765    A$CAN$2626
  0C:0767    A$CAN$2627
  0C:0769    A$CAN$2628
  0C:076B    A$CAN$2629
  0C:076D    A$CAN$2630
  0C:076F    A$CAN$2631
  0C:0771    A$CAN$2632
  0C:0774    A$CAN$2634
  0C:0776    A$CAN$2635
  0C:0779    A$CAN$2640
  0C:0779    C$CAN.C$837$1$1
  0C:0779    C$CAN.C$839$1$1
  0C:077B    A$CAN$2641
  0C:077D    A$CAN$2642
  0C:077F    A$CAN$2643
  0C:0781    A$CAN$2644
  0C:0782    A$CAN$2645
  0C:0784    A$CAN$2646
  0C:0786    A$CAN$2647
  0C:0789    A$CAN$2650
  0C:0789    C$CAN.C$841$1$1
  0C:078B    A$CAN$2651
  0C:078D    A$CAN$2652
  0C:078F    A$CAN$2653
  0C:0791    A$CAN$2654
  0C:0793    A$CAN$2655
  0C:0795    A$CAN$2656
  0C:0798    A$CAN$2657
  0C:0799    A$CAN$2658
  0C:079A    A$CAN$2659
  0C:079D    A$CAN$2660
  0C:079E    A$CAN$2661
  0C:079F    A$CAN$2662
  0C:07A2    A$CAN$2663
  0C:07A3    A$CAN$2664
  0C:07A4    A$CAN$2665
  0C:07A7    A$CAN$2666
  0C:07A8    A$CAN$2667
  0C:07AA    A$CAN$2668
  0C:07AC    A$CAN$2669
  0C:07AE    A$CAN$2670
  0C:07B0    A$CAN$2671
  0C:07B2    A$CAN$2672
  0C:07B4    A$CAN$2673
  0C:07B6    A$CAN$2674
  0C:07B8    A$CAN$2675
  0C:07BA    A$CAN$2676
  0C:07BC    A$CAN$2677
  0C:07BE    A$CAN$2678
  0C:07C0    A$CAN$2679
  0C:07C2    A$CAN$2680
  0C:07C5    A$CAN$2682
  0C:07C7    A$CAN$2683
  0C:07CA    A$CAN$2686
  0C:07CA    C$CAN.C$844$1$1
  0C:07CD    A$CAN$2689
  0C:07CD    C$CAN.C$847$1$1
  0C:07D0    A$CAN$2692
  0C:07D0    C$CAN.C$849$1$1
  0C:07D3    A$CAN$2693
  0C:07D6    A$CAN$2694
  0C:07D9    A$CAN$2695
  0C:07DC    A$CAN$2696
  0C:07DF    A$CAN$2698
  0C:07E1    A$CAN$2699
  0C:07E4    A$CAN$2702
  0C:07E4    C$CAN.C$851$1$1
  0C:07F0    A$CAN$2705
  0C:07F0    C$CAN.C$853$1$1
  0C:07F0    XG$CAN_vLoadData$0$0
  0C:07F1    A$IO$1373
  0C:07F1    C$IO.C$122$0$0
  0C:07F1    C$IO.C$206$1$1
  0C:07F1    G$IO_vInit$0$0
  0C:07F1    _IO_vInit
  0C:07F4    A$IO$1376
  0C:07F4    C$IO.C$207$1$1
  0C:07F7    A$IO$1379
  0C:07F7    C$IO.C$226$1$1
  0C:07F7    XG$IO_vInit$0$0
  0C:07F8    A$SHARED_INT$1388
  0C:07F8    C$SHARED_INT.C$121$0$0
  0C:07F8    C$SHARED_INT.C$134$1$1
  0C:07F8    G$SHINT_vInit$0$0
  0C:07F8    _SHINT_vInit
  0C:07FB    A$SHARED_INT$1391
  0C:07FB    C$SHARED_INT.C$138$1$1
  0C:07FE    A$SHARED_INT$1394
  0C:07FE    C$SHARED_INT.C$146$1$1
  0C:07FE    XG$SHINT_vInit$0$0
  0C:07FF    A$SHARED_INT$1408
  0C:07FF    C$SHARED_INT.C$190$1$1
  0C:07FF    G$SHINT_viXINTR5Isr$0$0
  0C:07FF    _SHINT_viXINTR5Isr
  0C:0801    A$SHARED_INT$1409
  0C:0803    A$SHARED_INT$1410
  0C:0805    A$SHARED_INT$1411
  0C:0807    A$SHARED_INT$1412
  0C:0809    A$SHARED_INT$1413
  0C:080B    A$SHARED_INT$1414
  0C:080D    A$SHARED_INT$1415
  0C:080F    A$SHARED_INT$1416
  0C:0811    A$SHARED_INT$1417
  0C:0813    A$SHARED_INT$1418
  0C:0815    A$SHARED_INT$1419
  0C:0817    A$SHARED_INT$1420
  0C:0819    A$SHARED_INT$1421
  0C:081B    A$SHARED_INT$1422
  0C:081E    A$SHARED_INT$1426
  0C:081E    C$SHARED_INT.C$199$1$1
  0C:0820    A$SHARED_INT$1427
  0C:0823    A$SHARED_INT$1428
  0C:082F    A$SHARED_INT$1431
  0C:082F    C$SHARED_INT.C$201$1$1
  0C:0832    A$SHARED_INT$1436
  0C:0832    C$SHARED_INT.C$205$1$1
  0C:0832    C$SHARED_INT.C$209$2$2
  0C:0835    A$SHARED_INT$1437
  0C:0837    A$SHARED_INT$1441
  0C:0837    C$SHARED_INT.C$212$2$2
  0C:0839    A$SHARED_INT$1444
  0C:0839    C$SHARED_INT.C$213$2$2
  0C:083C    A$SHARED_INT$1445
  0C:083F    A$SHARED_INT$1449
  0C:083F    C$SHARED_INT.C$222$1$1
  0C:0841    A$SHARED_INT$1450
  0C:0844    A$SHARED_INT$1453
  0C:0844    C$SHARED_INT.C$225$2$3
  0C:0847    A$SHARED_INT$1456
  0C:0847    C$SHARED_INT.C$231$2$3
  0C:084A    A$SHARED_INT$1457
  0C:084D    A$SHARED_INT$1460
  0C:084D    C$SHARED_INT.C$232$2$3
  0C:0850    A$SHARED_INT$1462
  0C:0852    A$SHARED_INT$1463
  0C:0855    A$SHARED_INT$1468
  0C:0855    C$SHARED_INT.C$233$2$3
  0C:0855    C$SHARED_INT.C$243$2$3
  0C:0857    A$SHARED_INT$1469
  0C:0858    A$SHARED_INT$1470
  0C:085A    A$SHARED_INT$1471
  0C:085C    A$SHARED_INT$1474
  0C:085C    C$SHARED_INT.C$254$3$4
  0C:085E    A$SHARED_INT$1478
  0C:085E    C$SHARED_INT.C$264$2$3
  0C:0861    A$SHARED_INT$1479
  0C:0864    A$SHARED_INT$1482
  0C:0864    C$SHARED_INT.C$265$2$3
  0C:0867    A$SHARED_INT$1483
  0C:0868    A$SHARED_INT$1484
  0C:0869    A$SHARED_INT$1485
  0C:086B    A$SHARED_INT$1488
  0C:086B    C$SHARED_INT.C$266$2$3
  0C:086E    A$SHARED_INT$1490
  0C:0870    A$SHARED_INT$1491
  0C:0873    A$SHARED_INT$1495
  0C:0873    C$SHARED_INT.C$280$1$1
  0C:0876    A$SHARED_INT$1498
  0C:0876    C$SHARED_INT.C$282$1$1
  0C:0882    A$SHARED_INT$1499
  0C:0884    A$SHARED_INT$1500
  0C:0886    A$SHARED_INT$1501
  0C:0888    A$SHARED_INT$1502
  0C:088A    A$SHARED_INT$1503
  0C:088C    A$SHARED_INT$1504
  0C:088E    A$SHARED_INT$1505
  0C:0890    A$SHARED_INT$1506
  0C:0892    A$SHARED_INT$1507
  0C:0894    A$SHARED_INT$1508
  0C:0896    A$SHARED_INT$1509
  0C:0898    A$SHARED_INT$1510
  0C:089A    A$SHARED_INT$1511
  0C:089C    A$SHARED_INT$1512
  0C:089E    A$SHARED_INT$1515
  0C:089E    C$SHARED_INT.C$283$1$1
  0C:089E    XG$SHINT_viXINTR5Isr$0$0
  0C:089F    A$T2$1373
  0C:089F    C$T2.C$131$0$0
  0C:089F    C$T2.C$152$1$1
  0C:089F    G$T2_vInit$0$0
  0C:089F    _T2_vInit
  0C:08A2    A$T2$1374
  0C:08A5    A$T2$1377
  0C:08A5    C$T2.C$155$1$1
  0C:08A8    A$T2$1378
  0C:08AB    A$T2$1381
  0C:08AB    C$T2.C$157$1$1
  0C:08AE    A$T2$1384
  0C:08AE    C$T2.C$164$1$1
  0C:08B0    A$T2$1387
  0C:08B0    C$T2.C$166$1$1
  0C:08B0    XG$T2_vInit$0$0
  0C:08B1    __gptrput
  0C:08CA    __gptrget



Hexadecimal

Area                               Addr   Size   Decimal Bytes (Attributes)
--------------------------------   ----   ----   ------- ----- ------------
startup_code                       08E6   003E =     62. bytes (REL,CON,CODE)

      Value  Global
   --------  --------------------------------
  0C:08E6    A$startupxc886$49
  0C:08E6    __sdcc_external_startup
  0C:08E9    A$startupxc886$50
  0C:08EC    A$startupxc886$51
  0C:08EF    A$startupxc886$52
  0C:08F2    A$startupxc886$53
  0C:08F5    A$startupxc886$55
  0C:08F7    A$startupxc886$58
  0C:08F9    A$startupxc886$59
  0C:08FB    A$startupxc886$62
  0C:08FE    A$startupxc886$64
  0C:0900    A$startupxc886$65
  0C:0903    A$startupxc886$66
  0C:0906    A$startupxc886$69
  0C:0909    A$startupxc886$70
  0C:090C    A$startupxc886$71
  0C:090F    A$startupxc886$72
  0C:0912    A$startupxc886$73
  0C:0915    A$startupxc886$75
  0C:0918    A$startupxc886$77
  0C:091A    A$startupxc886$78
  0C:091D    A$startupxc886$80
  0C:0920    A$startupxc886$81
  0C:0923    A$startupxc886$86
ASxxxx Linker V01.75 + NoICE + SDCC Feb 1999,  page 1.

Files Linked      [ module(s) ]

./MAIN.rel      
./CAN.rel       
./IO.rel        
./MemInitxc88x.rel
./SHARED_INT.rel
./T2.rel        
./startupxc886.rel

Libraries Linked            [   object  file   ]

C:/DAVE-Bench-201\SDCC_XC800\lib\small\libsdcc.lib    [         _gptrput ]
C:/DAVE-Bench-201\SDCC_XC800\lib\small\xc800.lib    [         crtxinit ]
C:/DAVE-Bench-201\SDCC_XC800\lib\small\xc800.lib    [         crtstart ]
C:/DAVE-Bench-201\SDCC_XC800\lib\small\libsdcc.lib    [         _gptrget ]

ASxxxx Linker V01.75 + NoICE + SDCC Feb 1999,  page 2.

User Base Address Definitions

HOME = 0x0000
XSEG = 0xf000
PSEG = 0xf000
ISEG = 0x0080
SSEG = 0x0080
BSEG=0x20
PSEG=0xF000

